+---------------------------------------+
|     All pyWarpUstruct Options:        |
+---------------------------------------+
{'LdefFact': 1.0,
 'aExp': 3.0,
 'alpha': 0.25,
 'bExp': 5.0,
 'bucketSize': 8,
 'cornerAngle': 30.0,
 'errTol': 0.0005,
 'evalMode': 'fast',
 'fileType': 'cgns',
 'gridFile': '../input_files/co_mesh.cgns',
 'restartFile': None,
 'specifiedSurfaces': None,
 'symmTol': 1e-06,
 'symmetryPlanes': None,
 'symmetrySurfaces': None,
 'useRotations': True,
 'zeroCornerRotations': True}
  -> Reading CGNS File: ../input_files/co_mesh.cgns
    -> Number of Zones:           4
#------------------------------#
 Total Volume Nodes :    151900 
#------------------------------#

+------------------------------------------------------------------------------+
| pyWarpUstruct Warning: Using internally generated pyWarpUStruct surfaces. If |
| this mesh object is to be used with an external solver, ensure the mesh      |
| object is passed to the solver immediatedly after it is created. The         |
| external solver must then call 'setExternalMeshIndices()' and                |
| 'setSurfaceDefinition()' routines.                                           |
+------------------------------------------------------------------------------+

+-------------------- Symmetry Planes -------------------+
|           Point                        Normal          |
| (  0.000  -0.000  -0.000)    ( -0.000   0.000   1.000) |
+--------------------------------------------------------+
#--------------------------------#
 Unique Surface Nodes :      3881 
#--------------------------------#
 Computing Denomenator Estimate...
 Load Balancing...
 Finished Mesh Initialization.
Sum of vCoords Inital:
@value    498810.0295599414 1e-08 1e-08
Sum of vCoords Warped:
@value    511335.5431903581 1e-05 1e-05
Computing Warp Deriv
Sum of dxs:
@value    205483.1981170009 1e-05 1e-05
+---------------------------------------+
|     All pyWarpUstruct Options:        |
+---------------------------------------+
{'LdefFact': 1.0,
 'aExp': 3.0,
 'alpha': 0.25,
 'bExp': 5.0,
 'bucketSize': 8,
 'cornerAngle': 30.0,
 'errTol': 0.0005,
 'evalMode': 'fast',
 'fileType': 'cgns',
 'gridFile': '../input_files/o_mesh.cgns',
 'restartFile': None,
 'specifiedSurfaces': None,
 'symmTol': 1e-06,
 'symmetryPlanes': None,
 'symmetrySurfaces': None,
 'useRotations': True,
 'zeroCornerRotations': True}
  -> Reading CGNS File: ../input_files/o_mesh.cgns
    -> Number of Zones:          79
#------------------------------#
 Total Volume Nodes :     37615 
#------------------------------#

+------------------------------------------------------------------------------+
| pyWarpUstruct Warning: Using internally generated pyWarpUStruct surfaces. If |
| this mesh object is to be used with an external solver, ensure the mesh      |
| object is passed to the solver immediatedly after it is created. The         |
| external solver must then call 'setExternalMeshIndices()' and                |
| 'setSurfaceDefinition()' routines.                                           |
+------------------------------------------------------------------------------+

+-------------------- Symmetry Planes -------------------+
|           Point                        Normal          |
| (  0.000  -0.000  -0.000)    ( -0.000   0.000   1.000) |
+--------------------------------------------------------+
#--------------------------------#
 Unique Surface Nodes :      1239 
#--------------------------------#
 Computing Denomenator Estimate...
 Load Balancing...
 Finished Mesh Initialization.
Sum of vCoords Inital:
@value    613569.8891866968 1e-08 1e-08
Sum of vCoords Warped:
@value    626765.9276076123 1e-08 1e-08
Computing Warp Deriv
Sum of dxs:
@value    52726.61691684423 1e-08 1e-08
