+---------------------------------------+
|     All pyWarpUstruct Options:        |
+---------------------------------------+
{'LdefFact': 1.0,
 'aExp': 3.0,
 'alpha': 0.25,
 'bExp': 5.0,
 'bucketSize': 8,
 'cornerAngle': 30.0,
 'errTol': 0.0005,
 'evalMode': 'fast',
 'fileType': 'openfoam',
 'gridFile': '/home/kenway/hg/pywarpustruct/python/input_files/ahmedBodyMesh',
 'restartFile': None,
 'symmTol': 1e-06,
 'useRotations': True,
 'zeroCornerRotations': True}
 -> Info: Using internal pyWarpUStruct surfaces. If
          this mesh object is to be used with SUmb,
          ensure the mesh object is passed to SUmb
          immediately after creation.
#------------------------------#
 Total Volume Nodes :     21706 
#------------------------------#
#--------------------------------#
 Unique Surface Nodes :      3652 
#--------------------------------#
 Computing Denomenator Estimate...
 Load Balancing...
 Performing surface matching ...
 Finished Mesh Initialization.
Sum of vCoords Inital:
@value    25205.45183210548 1e-08 1e-08
Sum of vCoords Warped:
@value    25344.69835707896 1e-08 1e-08
Computing Warp Deriv
Sum of dxs:
@value    22941.79820152367 1e-08 1e-08
Verifying Warp Deriv
 Welcome to verifyWarpDeriv
 Checking           10  degrees of freedom
 Doing centered differnce with h:   1.0000000000000001E-009
 Running AD Version
DOF:    0 OrigVal:  -2.00000000000     AD: 0.191072638633     FD: 0.191073670608     Err(%): 0.5400939179E-03
DOF:    1 OrigVal:   0.00000000000     AD: 0.976404207691E-02 FD: 0.976332113532E-02 Err(%):-0.7383911288E-02
DOF:    2 OrigVal:   0.00000000000     AD: 0.191127683264     FD: 0.191128976267     Err(%): 0.6765106174E-03
DOF:    3 OrigVal:  -2.00000000000     AD: 0.213211023824     FD: 0.213212123308     Err(%): 0.5156777258E-03
DOF:    4 OrigVal:   0.00000000000     AD: 0.980359244347E-02 FD: 0.980287518322E-02 Err(%):-0.7316567883E-02
DOF:    5 OrigVal:  0.166667000000     AD: 0.213275554287     FD: 0.213276831232     Err(%): 0.5987285174E-03
DOF:    6 OrigVal:  -2.00000000000     AD: 0.230840275183     FD: 0.230841412635     Err(%): 0.4927431050E-03
DOF:    7 OrigVal:  0.166668000000     AD: 0.371645542190E-01 FD: 0.371638500199E-01 Err(%):-0.1894831785E-02
DOF:    8 OrigVal:  0.166667000000     AD: 0.230919357763     FD: 0.230920618265     Err(%): 0.5458609924E-03
DOF:    9 OrigVal:  -2.00000000000     AD: 0.202639103288     FD: 0.202640196690     Err(%): 0.5395796469E-03
DOF:   10 OrigVal:  0.166807000000     AD: 0.167165714544E-01 FD: 0.167158615113E-01 Err(%):-0.4247032567E-02
+---------------------------------------+
|     All pyWarpUstruct Options:        |
+---------------------------------------+
{'LdefFact': 1.0,
 'aExp': 3.0,
 'alpha': 0.25,
 'bExp': 5.0,
 'bucketSize': 8,
 'cornerAngle': 30.0,
 'errTol': 0.0005,
 'evalMode': 'fast',
 'fileType': 'cgns',
 'gridFile': '../input_files/co_mesh.cgns',
 'restartFile': None,
 'symmTol': 1e-06,
 'useRotations': True,
 'zeroCornerRotations': True}
  -> Reading CGNS File: ../input_files/co_mesh.cgns
    -> Number of Zones:           4
#------------------------------#
 Total Volume Nodes :    151900 
#------------------------------#
 -> Info: Using internal pyWarpUStruct surfaces. If
          this mesh object is to be used with SUmb,
          ensure the mesh object is passed to SUmb
          immediately after creation.
#--------------------------------#
 Unique Surface Nodes :      3881 
#--------------------------------#
 Computing Denomenator Estimate...
 Load Balancing...
 Performing surface matching ...
 Finished Mesh Initialization.
Sum of vCoords Inital:
@value    498810.0295599474 1e-08 1e-08
setting surface
warping mesh
Sum of vCoords Warped:
@value    511381.1906853847 1e-08 1e-08
Computing Warp Deriv
Sum of dxs:
@value    205511.4635450036 1e-08 1e-08
Verifying Warp Deriv
 Welcome to verifyWarpDeriv
 Checking            5  degrees of freedom
 Doing centered differnce with h:   9.9999999999999995E-007
 Running AD Version
DOF:    0 OrigVal: -0.233091541304E-04 AD:  23.4279910981     FD:  23.4279896065     Err(%):-0.6366773523E-05
DOF:    1 OrigVal: -0.277555756156E-16 AD: -520.005513744     FD: -520.005531871     Err(%): 0.3485902451E-05
DOF:    2 OrigVal:   0.00000000000     AD:-0.812913470870     FD:-0.812913499693     Err(%): 0.3545588494E-05
DOF:    3 OrigVal:  0.101817780270E-02 AD:  2.39781361833     FD:  2.39781066416     Err(%):-0.1232029996E-03
DOF:    4 OrigVal: -0.277555756156E-16 AD: -879.876476535     FD: -879.876508410     Err(%): 0.3622624516E-05
DOF:    5 OrigVal:  0.208297391190E-01 AD:  2.75885534123     FD:  2.75885534975     Err(%): 0.3090014816E-06
+---------------------------------------+
|     All pyWarpUstruct Options:        |
+---------------------------------------+
{'LdefFact': 1.0,
 'aExp': 3.0,
 'alpha': 0.25,
 'bExp': 5.0,
 'bucketSize': 8,
 'cornerAngle': 30.0,
 'errTol': 0.0005,
 'evalMode': 'fast',
 'fileType': 'cgns',
 'gridFile': '../input_files/o_mesh.cgns',
 'restartFile': None,
 'symmTol': 1e-06,
 'useRotations': True,
 'zeroCornerRotations': True}
  -> Reading CGNS File: ../input_files/o_mesh.cgns
    -> Number of Zones:          79
#------------------------------#
 Total Volume Nodes :     37615 
#------------------------------#
 -> Info: Using internal pyWarpUStruct surfaces. If
          this mesh object is to be used with SUmb,
          ensure the mesh object is passed to SUmb
          immediately after creation.
#--------------------------------#
 Unique Surface Nodes :      1239 
#--------------------------------#
 Computing Denomenator Estimate...
 Load Balancing...
 Performing surface matching ...
 Finished Mesh Initialization.
Sum of vCoords Inital:
@value     613569.889186703 1e-08 1e-08
setting surface
warping mesh
Sum of vCoords Warped:
@value    626750.5464078001 1e-08 1e-08
Computing Warp Deriv
Sum of dxs:
@value    52729.99717107417 1e-08 1e-08
Verifying Warp Deriv
 Welcome to verifyWarpDeriv
 Checking            5  degrees of freedom
 Doing centered differnce with h:   9.9999999999999995E-007
 Running AD Version
DOF:    0 OrigVal:  0.277372517670E-01 AD:  18.8912444151     FD:  18.8912444038     Err(%):-0.5955447226E-07
DOF:    1 OrigVal: -0.466645120007E-01 AD:  11.9942604772     FD:  11.9942605281     Err(%): 0.4245283639E-06
DOF:    2 OrigVal:   0.00000000000     AD: -5.53379073558     FD: -5.53379064573     Err(%):-0.1623605546E-05
DOF:    3 OrigVal:  0.810425014665E-02 AD:  12.7974105844     FD:  12.7974104182     Err(%):-0.1298549847E-05
DOF:    4 OrigVal: -0.262209872942E-01 AD: -1.59755632034     FD: -1.59755632723     Err(%): 0.4309594146E-06
DOF:    5 OrigVal:   0.00000000000     AD: -5.21036308417     FD: -5.21036310041     Err(%): 0.3116099508E-06
+---------------------------------------+
|     All pyWarpUstruct Options:        |
+---------------------------------------+
{'LdefFact': 1.0,
 'aExp': 3.0,
 'alpha': 0.25,
 'bExp': 5.0,
 'bucketSize': 8,
 'cornerAngle': 30.0,
 'errTol': 0.0005,
 'evalMode': 'fast',
 'fileType': 'cgns',
 'gridFile': '../input_files/mdo_tutorial_face_bcs.cgns',
 'restartFile': None,
 'symmTol': 1e-06,
 'useRotations': True,
 'zeroCornerRotations': True}
  -> Reading CGNS File: ../input_files/mdo_tutorial_face_bcs.cgns
    -> Number of Zones:           1
#------------------------------#
 Total Volume Nodes :    158457 
#------------------------------#
 -> Info: Using internal pyWarpUStruct surfaces. If
          this mesh object is to be used with SUmb,
          ensure the mesh object is passed to SUmb
          immediately after creation.
#--------------------------------#
 Unique Surface Nodes :      3881 
#--------------------------------#
 Computing Denomenator Estimate...
 Load Balancing...
 Performing surface matching ...
 Finished Mesh Initialization.
Sum of vCoords Inital:
@value    3198303.754755381 1e-08 1e-08
setting surface
warping mesh
Sum of vCoords Warped:
@value    3259743.272174134 1e-08 1e-08
Computing Warp Deriv
Sum of dxs:
@value    205061.9167297007 1e-08 1e-08
Verifying Warp Deriv
 Welcome to verifyWarpDeriv
 Checking            5  degrees of freedom
 Doing centered differnce with h:   9.9999999999999995E-007
 Running AD Version
DOF:    0 OrigVal:  0.344108144756E-10 AD:  53.4239817299     FD:  53.4239808714     Err(%):-0.1606848537E-05
DOF:    1 OrigVal: -0.236961426481E-06 AD: -814.834572149     FD: -814.834575390     Err(%): 0.3977948391E-06
DOF:    2 OrigVal:   0.00000000000     AD: -26.2350008132     FD: -26.2350012964     Err(%): 0.1841980201E-05
DOF:    3 OrigVal:  0.547700767590E-01 AD: -51.1587833927     FD: -51.1587857660     Err(%): 0.4639025583E-05
DOF:    4 OrigVal: -0.235853510364E-06 AD: -1391.51548449     FD: -1391.51548448     Err(%):-0.6754957345E-09
DOF:    5 OrigVal:  0.935098870910E-01 AD:  36.3302070464     FD:  36.3302056141     Err(%):-0.3942473695E-05
