+---------------------------------------+
|     All pyWarpUstruct Options:        |
+---------------------------------------+
{'LdefFact': 1.0,
 'aExp': 3.0,
 'alpha': 0.25,
 'bExp': 5.0,
 'bucketSize': 8,
 'cornerAngle': 30.0,
 'errTol': 0.0005,
 'evalMode': 'fast',
 'fileType': 'openfoam',
 'gridFile': '/home/kenway/hg/pywarpustruct/python/input_files/ahmedBodyMesh',
 'restartFile': None,
 'symmTol': 1e-06,
 'useRotations': True,
 'zeroCornerRotations': True}
 -> Info: Using internal pyWarpUStruct surfaces. If
          this mesh object is to be used with SUmb,
          ensure the mesh object is passed to SUmb
          immediately after creation.
#------------------------------#
 Total Volume Nodes :     22915 
#------------------------------#
#--------------------------------#
 Unique Surface Nodes :      3652 
#--------------------------------#
 Computing Denomenator Estimate...
 Load Balancing...
 Performing surface matching ...
 Finished Mesh Initialization.
Sum of vCoords Inital:
@value    26501.10515260559 1e-08 1e-08
Sum of vCoords Warped:
@value    26648.93602795847 1e-08 1e-08
Computing Warp Deriv
Sum of dxs:
@value      23201.524264085 1e-08 1e-08
Verifying Warp Deriv
 Welcome to verifyWarpDeriv
 Checking           10  degrees of freedom
 Doing centered differnce with h:   1.0000000000000001E-009
 Running AD Version
DOF:    0 OrigVal:   1.00703580000     AD: 0.822664130221     FD: 0.822664904209     Err(%): 0.9408305121E-04
DOF:    1 OrigVal:  0.171828000000     AD:  3.24238092328     FD:  3.24238045675     Err(%):-0.1438845000E-04
DOF:    2 OrigVal:  0.245136000000     AD:-0.293892809061     FD:-0.293888672964     Err(%):-0.1407358558E-02
DOF:    3 OrigVal:   1.00632220000     AD:  4.36788060443     FD:  4.36787899050     Err(%):-0.3694995095E-04
DOF:    4 OrigVal:  0.194500000000     AD:  4.35167275617     FD:  4.53217212411     Err(%):  4.063541639    
DOF:    5 OrigVal:  0.245664000000     AD:  4.28430775789     FD:  4.28431124853     Err(%): 0.8147488906E-04
DOF:    6 OrigVal:   1.01780670000     AD:  2.77302398259     FD:  2.77302583659     Err(%): 0.6685847433E-04
DOF:    7 OrigVal:  0.194500000000     AD:  4.38464175883     FD:  4.38464151397     Err(%):-0.5584551519E-05
DOF:    8 OrigVal:  0.237334000000     AD:  2.07339047877     FD:  2.07339104674     Err(%): 0.2739351243E-04
DOF:    9 OrigVal:   1.03277400000     AD:  3.95814804279     FD:  3.95814508351     Err(%):-0.7476441585E-04
DOF:   10 OrigVal:  0.194500000000     AD:  4.68371583291     FD:  4.68371250250     Err(%):-0.7110609844E-04
+---------------------------------------+
|     All pyWarpUstruct Options:        |
+---------------------------------------+
{'LdefFact': 1.0,
 'aExp': 3.0,
 'alpha': 0.25,
 'bExp': 5.0,
 'bucketSize': 8,
 'cornerAngle': 30.0,
 'errTol': 0.0005,
 'evalMode': 'fast',
 'fileType': 'cgns',
 'gridFile': '../input_files/co_mesh.cgns',
 'restartFile': None,
 'symmTol': 1e-06,
 'useRotations': True,
 'zeroCornerRotations': True}
  -> Reading CGNS File: ../input_files/co_mesh.cgns
    -> Number of Zones:           4
#------------------------------#
 Total Volume Nodes :    151900 
#------------------------------#
 -> Info: Using internal pyWarpUStruct surfaces. If
          this mesh object is to be used with SUmb,
          ensure the mesh object is passed to SUmb
          immediately after creation.
#--------------------------------#
 Unique Surface Nodes :      3881 
#--------------------------------#
 Computing Denomenator Estimate...
 Load Balancing...
 Performing surface matching ...
 Finished Mesh Initialization.
setting surface
setting surface
Sum of vCoords Inital:
setting surface
@value     498810.029559943 1e-08 1e-08
setting surface
warping mesh
warping mesh
warping mesh
warping mesh
Sum of vCoords Warped:
@value    511381.1906853894 1e-08 1e-08
Computing Warp Deriv
Sum of dxs:
@value    206508.5153046472 1e-08 1e-08
Verifying Warp Deriv
 Welcome to verifyWarpDeriv
 Checking            5  degrees of freedom
 Doing centered differnce with h:   9.9999999999999995E-007
 Running AD Version
DOF:    0 OrigVal: -0.233091541304E-04 AD:  25.0033405249     FD:  25.0033365942     Err(%):-0.1572077435E-04
DOF:    1 OrigVal: -0.277555756156E-16 AD: -324.390311958     FD: -324.390323433     Err(%): 0.3537313672E-05
DOF:    2 OrigVal:   0.00000000000     AD:-0.746456410614     FD:-0.746456456555     Err(%): 0.6154459435E-05
DOF:    3 OrigVal:  0.101817780270E-02 AD:-0.517581235481     FD:-0.517588740930     Err(%): 0.1450090224E-02
DOF:    4 OrigVal: -0.277555756156E-16 AD: -553.723675037     FD: -553.723695149     Err(%): 0.3632185354E-05
DOF:    5 OrigVal:  0.208297391190E-01 AD:  2.99064873040     FD:  2.99064875779     Err(%): 0.9160133743E-06
+---------------------------------------+
|     All pyWarpUstruct Options:        |
+---------------------------------------+
{'LdefFact': 1.0,
 'aExp': 3.0,
 'alpha': 0.25,
 'bExp': 5.0,
 'bucketSize': 8,
 'cornerAngle': 30.0,
 'errTol': 0.0005,
 'evalMode': 'fast',
 'fileType': 'cgns',
 'gridFile': '../input_files/o_mesh.cgns',
 'restartFile': None,
 'symmTol': 1e-06,
 'useRotations': True,
 'zeroCornerRotations': True}
  -> Reading CGNS File: ../input_files/o_mesh.cgns
    -> Number of Zones:          79
#------------------------------#
 Total Volume Nodes :     37615 
#------------------------------#
 -> Info: Using internal pyWarpUStruct surfaces. If
          this mesh object is to be used with SUmb,
          ensure the mesh object is passed to SUmb
          immediately after creation.
#--------------------------------#
 Unique Surface Nodes :      1239 
#--------------------------------#
 Computing Denomenator Estimate...
 Load Balancing...
 Performing surface matching ...
 Finished Mesh Initialization.
setting surface
setting surface
setting surface
Sum of vCoords Inital:
@value    613569.8891866991 1e-08 1e-08
setting surface
warping mesh
warping mesh
warping mesh
warping mesh
Sum of vCoords Warped:
@value    626750.5464077911 1e-08 1e-08
Computing Warp Deriv
Sum of dxs:
@value    50186.39773166193 1e-08 1e-08
Verifying Warp Deriv
 Welcome to verifyWarpDeriv
 Checking            5  degrees of freedom
 Doing centered differnce with h:   9.9999999999999995E-007
 Running AD Version
DOF:    0 OrigVal:  0.277372517670E-01 AD:  27.8907403227     FD:  27.8907404370     Err(%): 0.4095597816E-06
DOF:    1 OrigVal: -0.466645120007E-01 AD:-0.492956310800     FD:-0.492956264101     Err(%):-0.9473193890E-05
DOF:    2 OrigVal:   0.00000000000     AD: -16.9928600454     FD: -16.9928599281     Err(%):-0.6899991303E-06
DOF:    3 OrigVal:  0.810425014665E-02 AD:  20.6476475082     FD:  20.6476472487     Err(%):-0.1257244339E-05
DOF:    4 OrigVal: -0.262209872942E-01 AD: -34.9975514665     FD: -34.9975514486     Err(%):-0.5115331702E-07
DOF:    5 OrigVal:   0.00000000000     AD: -16.6022162054     FD: -16.6022162143     Err(%): 0.5350939406E-07
+---------------------------------------+
|     All pyWarpUstruct Options:        |
+---------------------------------------+
{'LdefFact': 1.0,
 'aExp': 3.0,
 'alpha': 0.25,
 'bExp': 5.0,
 'bucketSize': 8,
 'cornerAngle': 30.0,
 'errTol': 0.0005,
 'evalMode': 'fast',
 'fileType': 'cgns',
 'gridFile': '../input_files/mdo_tutorial_face_bcs.cgns',
 'restartFile': None,
 'symmTol': 1e-06,
 'useRotations': True,
 'zeroCornerRotations': True}
  -> Reading CGNS File: ../input_files/mdo_tutorial_face_bcs.cgns
    -> Number of Zones:           1
#------------------------------#
 Total Volume Nodes :    158457 
#------------------------------#
 -> Info: Using internal pyWarpUStruct surfaces. If
          this mesh object is to be used with SUmb,
          ensure the mesh object is passed to SUmb
          immediately after creation.
#--------------------------------#
 Unique Surface Nodes :      3881 
#--------------------------------#
 Computing Denomenator Estimate...
 Load Balancing...
 Performing surface matching ...
 Finished Mesh Initialization.
setting surface
setting surface
setting surface
Sum of vCoords Inital:
@value    3198303.754755338 1e-08 1e-08
setting surface
warping mesh
warping mesh
warping mesh
warping mesh
Sum of vCoords Warped:
@value    3259743.272174177 1e-08 1e-08
Computing Warp Deriv
Sum of dxs:
@value    204960.4982556868 1e-08 1e-08
Verifying Warp Deriv
 Welcome to verifyWarpDeriv
 Checking            5  degrees of freedom
 Doing centered differnce with h:   9.9999999999999995E-007
 Running AD Version
DOF:    0 OrigVal:  0.344108144756E-10 AD:  36.3079554117     FD:  36.3079548571     Err(%):-0.1527573934E-05
DOF:    1 OrigVal: -0.236961426481E-06 AD: -112.344983319     FD: -112.344985311     Err(%): 0.1773447015E-05
DOF:    2 OrigVal:   0.00000000000     AD: -11.7780957079     FD: -11.7780962820     Err(%): 0.4874442931E-05
DOF:    3 OrigVal:  0.547700767590E-01 AD: -48.4071879781     FD: -48.4071900340     Err(%): 0.4247056303E-05
DOF:    4 OrigVal: -0.235853510364E-06 AD: -201.440827768     FD: -201.440827113     Err(%):-0.3251777290E-06
DOF:    5 OrigVal:  0.935098870910E-01 AD:  44.8469463667     FD:  44.8469449384     Err(%):-0.3184707893E-05
