+---------------------------------------+
|     All pyWarpUstruct Options:        |
+---------------------------------------+
{'LdefFact': 1.0,
 'aExp': 3.0,
 'alpha': 0.25,
 'bExp': 5.0,
 'bucketSize': 8,
 'cornerAngle': 30.0,
 'errTol': 0.0005,
 'evalMode': 'fast',
 'fileType': 'openfoam',
 'gridFile': '/home/kenway/hg/pywarpustruct/python/input_files/ahmedBodyMesh',
 'restartFile': None,
 'specifiedSurfaces': None,
 'symmTol': 1e-06,
 'symmetryPlanes': [[[0, 0, 0], [0, 1, 0]]],
 'symmetrySurfaces': None,
 'useRotations': True,
 'zeroCornerRotations': True}

+------------------------------------------------------------------------------+
| pyWarpUstruct Warning: Using internally generated pyWarpUStruct surfaces. If |
| this mesh object is to be used with an external solver, ensure the mesh      |
| object is passed to the solver immediatedly after it is created. The         |
| external solver must then call 'setExternalMeshIndices()' and                |
| 'setSurfaceDefinition()' routines.                                           |
+------------------------------------------------------------------------------+

#------------------------------#
 Total Volume Nodes :     21706 
#------------------------------#
+-------------------- Symmetry Planes -------------------+
|           Point                        Normal          |
| (  0.000   0.000   0.000)    (  0.000   1.000   0.000) |
+--------------------------------------------------------+
#--------------------------------#
 Unique Surface Nodes :      3652 
#--------------------------------#
 Computing Denomenator Estimate...
 Load Balancing...
 Finished Mesh Initialization.
Sum of vCoords Inital:
@value    25205.45183210548 1e-08 1e-08
Sum of vCoords Warped:
@value    25328.64055708381 1e-08 1e-08
Computing Warp Deriv
Sum of dxs:
@value    19849.31642481092 1e-08 1e-08
Verifying Warp Deriv
 Welcome to verifyWarpDeriv
 Checking           10  degrees of freedom
 Doing centered differnce with h:   1.0000000000000001E-009
 Running AD Version
DOF:    0 OrigVal:  -2.00000000000     AD:  1.27372669084     FD:  1.27372403967     Err(%):-0.2081424196E-03
DOF:    1 OrigVal:   0.00000000000     AD: 0.976404207691E-02 FD: 0.976453249586E-02 Err(%): 0.5022577988E-02
DOF:    2 OrigVal:   0.00000000000     AD: 0.136994980653     FD: 0.136990879237     Err(%):-0.2993889503E-02
DOF:    3 OrigVal:  -1.99166665000     AD:  1.50512553429     FD:  1.50512312800     Err(%):-0.1598731090E-03
DOF:    4 OrigVal:   0.00000000000     AD: 0.980359244347E-02 FD: 0.980407983471E-02 Err(%): 0.4971433908E-02
DOF:    5 OrigVal:  0.166667000000     AD: 0.148679828764     FD: 0.148681963188     Err(%): 0.1435573649E-02
DOF:    6 OrigVal:  -1.99166665000     AD:  2.16219603676     FD:  2.16219480970     Err(%):-0.5675021983E-04
DOF:    7 OrigVal:  0.166668000000     AD: 0.371645542190E-01 FD: 0.371650318638E-01 Err(%): 0.1285207819E-02
DOF:    8 OrigVal:  0.166667000000     AD: 0.134351569685     FD: 0.134351774700     Err(%): 0.1525961666E-03
DOF:    9 OrigVal:  -2.00000000000     AD:  1.93216395188     FD:  1.93216271503     Err(%):-0.6401365211E-04
DOF:   10 OrigVal:  0.166807000000     AD: 0.167165714544E-01 FD: 0.167170425664E-01 Err(%): 0.2818193815E-02
+---------------------------------------+
|     All pyWarpUstruct Options:        |
+---------------------------------------+
{'LdefFact': 1.0,
 'aExp': 3.0,
 'alpha': 0.25,
 'bExp': 5.0,
 'bucketSize': 8,
 'cornerAngle': 30.0,
 'errTol': 0.0005,
 'evalMode': 'fast',
 'fileType': 'cgns',
 'gridFile': '../input_files/co_mesh.cgns',
 'restartFile': None,
 'specifiedSurfaces': None,
 'symmTol': 1e-06,
 'symmetryPlanes': None,
 'symmetrySurfaces': None,
 'useRotations': True,
 'zeroCornerRotations': True}
  -> Reading CGNS File: ../input_files/co_mesh.cgns
    -> Number of Zones:           4
#------------------------------#
 Total Volume Nodes :    151900 
#------------------------------#

+------------------------------------------------------------------------------+
| pyWarpUstruct Warning: Using internally generated pyWarpUStruct surfaces. If |
| this mesh object is to be used with an external solver, ensure the mesh      |
| object is passed to the solver immediatedly after it is created. The         |
| external solver must then call 'setExternalMeshIndices()' and                |
| 'setSurfaceDefinition()' routines.                                           |
+------------------------------------------------------------------------------+

+-------------------- Symmetry Planes -------------------+
|           Point                        Normal          |
| (  0.000  -0.000  -0.000)    ( -0.000   0.000   1.000) |
+--------------------------------------------------------+
#--------------------------------#
 Unique Surface Nodes :      3881 
#--------------------------------#
 Computing Denomenator Estimate...
 Load Balancing...
 Finished Mesh Initialization.
Sum of vCoords Inital:
@value    498810.0295599474 1e-08 1e-08
setting surface
warping mesh
Sum of vCoords Warped:
@value    511381.1906853847 1e-08 1e-08
Computing Warp Deriv
Sum of dxs:
@value    205511.4635450037 1e-08 1e-08
Verifying Warp Deriv
 Welcome to verifyWarpDeriv
 Checking            5  degrees of freedom
 Doing centered differnce with h:   9.9999999999999995E-007
 Running AD Version
DOF:    0 OrigVal: -0.233091541304E-04 AD:  23.4279910981     FD:  23.4279896039     Err(%):-0.6378114431E-05
DOF:    1 OrigVal: -0.277555756156E-16 AD: -520.005513744     FD: -520.005531870     Err(%): 0.3485753129E-05
DOF:    2 OrigVal:   0.00000000000     AD:-0.812913470870     FD:-0.812913505807     Err(%): 0.4297774456E-05
DOF:    3 OrigVal:  0.101817780270E-02 AD:  2.39781361833     FD:  2.39781066359     Err(%):-0.1232267233E-03
DOF:    4 OrigVal: -0.277555756156E-16 AD: -879.876476535     FD: -879.876508418     Err(%): 0.3623502302E-05
DOF:    5 OrigVal:  0.208297391190E-01 AD:  2.75885534123     FD:  2.75885535021     Err(%): 0.3256940107E-06
+---------------------------------------+
|     All pyWarpUstruct Options:        |
+---------------------------------------+
{'LdefFact': 1.0,
 'aExp': 3.0,
 'alpha': 0.25,
 'bExp': 5.0,
 'bucketSize': 8,
 'cornerAngle': 30.0,
 'errTol': 0.0005,
 'evalMode': 'fast',
 'fileType': 'cgns',
 'gridFile': '../input_files/o_mesh.cgns',
 'restartFile': None,
 'specifiedSurfaces': None,
 'symmTol': 1e-06,
 'symmetryPlanes': None,
 'symmetrySurfaces': None,
 'useRotations': True,
 'zeroCornerRotations': True}
  -> Reading CGNS File: ../input_files/o_mesh.cgns
    -> Number of Zones:          79
#------------------------------#
 Total Volume Nodes :     37615 
#------------------------------#

+------------------------------------------------------------------------------+
| pyWarpUstruct Warning: Using internally generated pyWarpUStruct surfaces. If |
| this mesh object is to be used with an external solver, ensure the mesh      |
| object is passed to the solver immediatedly after it is created. The         |
| external solver must then call 'setExternalMeshIndices()' and                |
| 'setSurfaceDefinition()' routines.                                           |
+------------------------------------------------------------------------------+

+-------------------- Symmetry Planes -------------------+
|           Point                        Normal          |
| (  0.000  -0.000  -0.000)    ( -0.000   0.000   1.000) |
+--------------------------------------------------------+
#--------------------------------#
 Unique Surface Nodes :      1239 
#--------------------------------#
 Computing Denomenator Estimate...
 Load Balancing...
 Finished Mesh Initialization.
Sum of vCoords Inital:
@value     613569.889186703 1e-08 1e-08
setting surface
warping mesh
Sum of vCoords Warped:
@value    626750.5464078001 1e-08 1e-08
Computing Warp Deriv
Sum of dxs:
@value    52729.99717107417 1e-08 1e-08
Verifying Warp Deriv
 Welcome to verifyWarpDeriv
 Checking            5  degrees of freedom
 Doing centered differnce with h:   9.9999999999999995E-007
 Running AD Version
DOF:    0 OrigVal:  0.277372517670E-01 AD:  18.8912444151     FD:  18.8912443794     Err(%):-0.1890911013E-06
DOF:    1 OrigVal: -0.466645120007E-01 AD:  11.9942604772     FD:  11.9942605323     Err(%): 0.4597694133E-06
DOF:    2 OrigVal:   0.00000000000     AD: -5.53379073558     FD: -5.53379067685     Err(%):-0.1061230688E-05
DOF:    3 OrigVal:  0.810425014665E-02 AD:  12.7974105844     FD:  12.7974104370     Err(%):-0.1151615979E-05
DOF:    4 OrigVal: -0.262209872942E-01 AD: -1.59755632034     FD: -1.59755631139     Err(%):-0.5599920142E-06
DOF:    5 OrigVal:   0.00000000000     AD: -5.21036308417     FD: -5.21036310273     Err(%): 0.3561328516E-06
+---------------------------------------+
|     All pyWarpUstruct Options:        |
+---------------------------------------+
{'LdefFact': 1.0,
 'aExp': 3.0,
 'alpha': 0.25,
 'bExp': 5.0,
 'bucketSize': 8,
 'cornerAngle': 30.0,
 'errTol': 0.0005,
 'evalMode': 'fast',
 'fileType': 'cgns',
 'gridFile': '../input_files/mdo_tutorial_face_bcs.cgns',
 'restartFile': None,
 'specifiedSurfaces': None,
 'symmTol': 1e-06,
 'symmetryPlanes': [[[0, 0, 0], [0, 0, 1]]],
 'symmetrySurfaces': None,
 'useRotations': True,
 'zeroCornerRotations': True}
  -> Reading CGNS File: ../input_files/mdo_tutorial_face_bcs.cgns
    -> Number of Zones:           1
#------------------------------#
 Total Volume Nodes :    158457 
#------------------------------#

+------------------------------------------------------------------------------+
| pyWarpUstruct Warning: Using internally generated pyWarpUStruct surfaces. If |
| this mesh object is to be used with an external solver, ensure the mesh      |
| object is passed to the solver immediatedly after it is created. The         |
| external solver must then call 'setExternalMeshIndices()' and                |
| 'setSurfaceDefinition()' routines.                                           |
+------------------------------------------------------------------------------+

+-------------------- Symmetry Planes -------------------+
|           Point                        Normal          |
| (  0.000   0.000   0.000)    (  0.000   0.000   1.000) |
+--------------------------------------------------------+
#--------------------------------#
 Unique Surface Nodes :      3881 
#--------------------------------#
 Computing Denomenator Estimate...
 Load Balancing...
 Finished Mesh Initialization.
Sum of vCoords Inital:
@value    3198303.754755381 1e-08 1e-08
setting surface
warping mesh
Sum of vCoords Warped:
@value    3259743.272174134 1e-08 1e-08
Computing Warp Deriv
Sum of dxs:
@value    205061.9167297007 1e-08 1e-08
Verifying Warp Deriv
 Welcome to verifyWarpDeriv
 Checking            5  degrees of freedom
 Doing centered differnce with h:   9.9999999999999995E-007
 Running AD Version
DOF:    0 OrigVal:  0.344108144756E-10 AD:  53.4239817299     FD:  53.4239808714     Err(%):-0.1606848537E-05
DOF:    1 OrigVal: -0.236961426481E-06 AD: -814.834572149     FD: -814.834575390     Err(%): 0.3977948391E-06
DOF:    2 OrigVal:   0.00000000000     AD: -26.2350008132     FD: -26.2350012964     Err(%): 0.1841980201E-05
DOF:    3 OrigVal:  0.547700767590E-01 AD: -51.1587833927     FD: -51.1587857660     Err(%): 0.4639025583E-05
DOF:    4 OrigVal: -0.235853510364E-06 AD: -1391.51548449     FD: -1391.51548448     Err(%):-0.6754957345E-09
DOF:    5 OrigVal:  0.935098870910E-01 AD:  36.3302070464     FD:  36.3302056141     Err(%):-0.3942473695E-05
+---------------------------------------+
|     All pyWarpUstruct Options:        |
+---------------------------------------+
{'LdefFact': 1.0,
 'aExp': 3.0,
 'alpha': 0.25,
 'bExp': 5.0,
 'bucketSize': 8,
 'cornerAngle': 30.0,
 'errTol': 0.0005,
 'evalMode': 'fast',
 'fileType': 'cgns',
 'gridFile': '../input_files/symm_block.cgns',
 'restartFile': None,
 'specifiedSurfaces': None,
 'symmTol': 1e-06,
 'symmetryPlanes': None,
 'symmetrySurfaces': None,
 'useRotations': True,
 'zeroCornerRotations': True}
  -> Reading CGNS File: ../input_files/symm_block.cgns
    -> Number of Zones:           3
#------------------------------#
 Total Volume Nodes :    103428 
#------------------------------#

+------------------------------------------------------------------------------+
| pyWarpUstruct Warning: Using internally generated pyWarpUStruct surfaces. If |
| this mesh object is to be used with an external solver, ensure the mesh      |
| object is passed to the solver immediatedly after it is created. The         |
| external solver must then call 'setExternalMeshIndices()' and                |
| 'setSurfaceDefinition()' routines.                                           |
+------------------------------------------------------------------------------+

+-------------------- Symmetry Planes -------------------+
|           Point                        Normal          |
| (  0.000   0.000   0.000)    (  0.000   1.000   0.000) |
| (  0.000   0.000   0.000)    (  0.000   0.000  -1.000) |
| (  0.000   0.000   0.000)    ( -1.000   0.000   0.000) |
+--------------------------------------------------------+
#--------------------------------#
 Unique Surface Nodes :      1951 
#--------------------------------#
 Computing Denomenator Estimate...
 Load Balancing...
 Finished Mesh Initialization.
Sum of vCoords Inital:
@value    1772626.679902171 1e-08 1e-08
setting surface
warping mesh
Sum of vCoords Warped:
@value    1785798.539355807 1e-08 1e-08
Computing Warp Deriv
Sum of dxs:
@value    32291.62993022395 1e-08 1e-08
Verifying Warp Deriv
 Welcome to verifyWarpDeriv
 Checking            5  degrees of freedom
 Doing centered differnce with h:   1.0000000000000000E-010
 Running AD Version
DOF:    0 OrigVal:   1.10000000000     AD:  1.76812643842     FD:  1.77095252014     Err(%): 0.1597071867    
DOF:    1 OrigVal:   0.00000000000     AD:  1.40338445668     FD:  1.40786384955     Err(%): 0.3186764301    
DOF:    2 OrigVal:   0.00000000000     AD:  3.01701103397     FD:  3.03923565022     Err(%): 0.7339402573    
DOF:    3 OrigVal:   1.10000000000     AD:  2.70871422080     FD:  2.71048529988     Err(%): 0.6536312495E-01
DOF:    4 OrigVal:  0.624000000000E-01 AD:  1.70834650851     FD:  1.71224497363     Err(%): 0.2279409947    
DOF:    5 OrigVal:   0.00000000000     AD:  2.62656125180     FD:  2.64929905081     Err(%): 0.8619560683    
